<?xml version="1.0" encoding="utf-8"?><testsuites name="pytest tests"><testsuite name="pytest" errors="0" failures="0" skipped="0" tests="80" time="15.516" timestamp="2026-05-18T17:00:22.936661-04:00" hostname="LAPTOP-TG46VOFU"><testcase classname="backend.app.tests.integration.test_alert_integration" name="test_alert_created_when_score_exceeds_threshold" time="0.087" /><testcase classname="backend.app.tests.integration.test_alert_integration" name="test_alert_not_created_when_score_below_threshold" time="0.022" /><testcase classname="backend.app.tests.integration.test_auth_integration" name="test_register_user_integration" time="0.612" /><testcase classname="backend.app.tests.integration.test_auth_integration" name="test_login_user_integration" time="1.104" /><testcase classname="backend.app.tests.integration.test_auth_integration" name="test_login_with_wrong_password_fails" time="1.095" /><testcase classname="backend.app.tests.integration.test_dashboard_integration" name="test_dashboard_summary_returns_expected_keys" time="0.008" /><testcase classname="backend.app.tests.integration.test_dashboard_integration" name="test_dashboard_handles_empty_database" time="0.010" /><testcase classname="backend.app.tests.integration.test_dataset_integration" name="test_import_valid_csv_integration" time="0.040" /><testcase classname="backend.app.tests.integration.test_dataset_integration" name="test_import_invalid_csv_missing_columns" time="0.013" /><testcase classname="backend.app.tests.integration.test_dataset_integration" name="test_import_empty_csv_fails" time="0.014" /><testcase classname="backend.app.tests.integration.test_health_integration" name="test_health_endpoint_returns_ok" time="0.011" /><testcase classname="backend.app.tests.integration.test_health_integration" name="test_openapi_schema_available" time="0.024" /><testcase classname="backend.app.tests.integration.test_main_flow_integration" name="test_minimal_fraud_detection_flow" time="0.046" /><testcase classname="backend.app.tests.integration.test_model_integration" name="test_model_results_can_be_registered" time="0.004" /><testcase classname="backend.app.tests.integration.test_model_integration" name="test_model_results_route_returns_models" time="0.025" /><testcase classname="backend.app.tests.integration.test_model_integration" name="test_model_activation_flow_if_supported" time="0.028" /><testcase classname="backend.app.tests.integration.test_preprocessing_integration" name="test_preprocessing_pipeline_with_sample_transactions" time="0.024" /><testcase classname="backend.app.tests.integration.test_preprocessing_integration" name="test_preprocessing_endpoint_if_exists" time="0.035" /><testcase classname="backend.app.tests.integration.test_scoring_integration" name="test_scoring_uses_active_threshold" time="0.016" /><testcase classname="backend.app.tests.integration.test_scoring_integration" name="test_scoring_generates_risk_levels" time="0.001" /><testcase classname="backend.app.tests.integration.test_settings_integration" name="test_create_model_config_integration" time="0.021" /><testcase classname="backend.app.tests.integration.test_settings_integration" name="test_only_one_active_model_config_exists" time="0.005" /><testcase classname="backend.app.tests.integration.test_settings_integration" name="test_invalid_threshold_returns_error" time="0.015" /><testcase classname="backend.app.tests.unit.test_alert_service_unit" name="test_alert_not_created_when_score_below_threshold" time="0.001" /><testcase classname="backend.app.tests.unit.test_alert_service_unit" name="test_alert_created_when_score_equals_threshold" time="0.001" /><testcase classname="backend.app.tests.unit.test_alert_service_unit" name="test_alert_created_when_score_above_threshold" time="0.001" /><testcase classname="backend.app.tests.unit.test_alert_service_unit" name="test_alert_uses_threshold_from_model_config" time="0.001" /><testcase classname="backend.app.tests.unit.test_alert_service_unit" name="test_alert_uses_default_threshold_when_config_missing_if_supported" time="0.002" /><testcase classname="backend.app.tests.unit.test_alert_service_unit" name="test_alert_payload_contains_required_fields_and_status_default_is_new" time="0.001" /><testcase classname="backend.app.tests.unit.test_auth_edge_cases" name="test_password_hash_is_not_plain_text" time="0.567" /><testcase classname="backend.app.tests.unit.test_auth_edge_cases" name="test_verify_password_success" time="1.114" /><testcase classname="backend.app.tests.unit.test_auth_edge_cases" name="test_verify_password_failure" time="1.068" /><testcase classname="backend.app.tests.unit.test_auth_edge_cases" name="test_empty_password_is_rejected_if_supported" time="0.003" /><testcase classname="backend.app.tests.unit.test_auth_edge_cases" name="test_invalid_role_is_rejected_if_supported" time="0.534" /><testcase classname="backend.app.tests.unit.test_auth_edge_cases" name="test_inactive_user_cannot_login_if_supported" time="0.523" /><testcase classname="backend.app.tests.unit.test_auth_pw" name="test_password_hash_and_verify_extracted" time="1.077" /><testcase classname="backend.app.tests.unit.test_metrics_edge_cases" name="test_precision_with_known_values" time="0.020" /><testcase classname="backend.app.tests.unit.test_metrics_edge_cases" name="test_recall_with_known_values" time="0.011" /><testcase classname="backend.app.tests.unit.test_metrics_edge_cases" name="test_f1_with_known_values" time="0.016" /><testcase classname="backend.app.tests.unit.test_metrics_edge_cases" name="test_metrics_handle_zero_division" time="0.011" /><testcase classname="backend.app.tests.unit.test_metrics_edge_cases" name="test_roc_auc_with_valid_probabilities" time="0.016" /><testcase classname="backend.app.tests.unit.test_metrics_edge_cases" name="test_roc_auc_with_single_class_returns_none_or_safe_value" time="0.015" /><testcase classname="backend.app.tests.unit.test_metrics_edge_cases" name="test_confusion_matrix_values" time="0.020" /><testcase classname="backend.app.tests.unit.test_metrics_edge_cases" name="test_metrics_output_contains_expected_keys" time="0.020" /><testcase classname="backend.app.tests.unit.test_metrics_moved" name="test_compute_metrics_basic_moved" time="0.012" /><testcase classname="backend.app.tests.unit.test_model_config_unit" name="test_valid_threshold_is_accepted" time="0.001" /><testcase classname="backend.app.tests.unit.test_model_config_unit" name="test_threshold_less_than_zero_is_rejected" time="0.002" /><testcase classname="backend.app.tests.unit.test_model_config_unit" name="test_threshold_greater_than_one_is_rejected" time="0.001" /><testcase classname="backend.app.tests.unit.test_model_config_unit" name="test_threshold_zero_is_valid_if_allowed" time="0.002" /><testcase classname="backend.app.tests.unit.test_model_config_unit" name="test_threshold_one_is_valid_if_allowed" time="0.002" /><testcase classname="backend.app.tests.unit.test_model_config_unit" name="test_create_first_active_model_config" time="0.003" /><testcase classname="backend.app.tests.unit.test_model_config_unit" name="test_new_active_config_deactivates_previous_one" time="0.002" /><testcase classname="backend.app.tests.unit.test_model_config_unit" name="test_get_active_config_when_exists" time="0.001" /><testcase classname="backend.app.tests.unit.test_model_config_unit" name="test_get_active_config_when_missing_returns_controlled_result" time="0.001" /><testcase classname="backend.app.tests.unit.test_preprocessing_basic" name="test_preprocess_basic_missing_and_scaling_extracted" time="0.028" /><testcase classname="backend.app.tests.unit.test_preprocessing_edge_cases" name="test_clean_data_does_not_mutate_original_dataframe" time="0.017" /><testcase classname="backend.app.tests.unit.test_preprocessing_edge_cases" name="test_clean_data_removes_duplicate_rows" time="0.018" /><testcase classname="backend.app.tests.unit.test_preprocessing_edge_cases" name="test_clean_data_removes_duplicate_transaction_id_if_supported" time="0.023" /><testcase classname="backend.app.tests.unit.test_preprocessing_edge_cases" name="test_clean_data_handles_null_amount" time="0.015" /><testcase classname="backend.app.tests.unit.test_preprocessing_edge_cases" name="test_clean_data_handles_null_transaction_id" time="0.017" /><testcase classname="backend.app.tests.unit.test_preprocessing_edge_cases" name="test_clean_data_handles_empty_dataframe" time="0.004" /><testcase classname="backend.app.tests.unit.test_preprocessing_edge_cases" name="test_amount_string_is_converted_to_numeric" time="0.014" /><testcase classname="backend.app.tests.unit.test_preprocessing_edge_cases" name="test_invalid_amount_string_is_handled" time="0.012" /><testcase classname="backend.app.tests.unit.test_preprocessing_edge_cases" name="test_encode_features_handles_missing_optional_categorical_columns" time="0.013" /><testcase classname="backend.app.tests.unit.test_preprocessing_edge_cases" name="test_encode_features_preserves_is_fraud_column" time="0.012" /><testcase classname="backend.app.tests.unit.test_preprocessing_edge_cases" name="test_scale_features_handles_constant_amounts" time="0.012" /><testcase classname="backend.app.tests.unit.test_preprocessing_edge_cases" name="test_preprocess_dataset_returns_dataframe" time="0.012" /><testcase classname="backend.app.tests.unit.test_regression_metrics_moved" name="test_regression_metrics_against_baseline_moved" time="0.012" /><testcase classname="backend.app.tests.unit.test_scoring_classify" name="test_classify_risk_levels_moved" time="0.001" /><testcase classname="backend.app.tests.unit.test_scoring_thresholds" name="test_score_below_050_is_low" time="0.001" /><testcase classname="backend.app.tests.unit.test_scoring_thresholds" name="test_score_equal_050_is_medium" time="0.001" /><testcase classname="backend.app.tests.unit.test_scoring_thresholds" name="test_score_between_050_and_080_is_medium" time="0.001" /><testcase classname="backend.app.tests.unit.test_scoring_thresholds" name="test_score_equal_080_is_high" time="0.001" /><testcase classname="backend.app.tests.unit.test_scoring_thresholds" name="test_score_above_080_is_high" time="0.002" /><testcase classname="backend.app.tests.unit.test_scoring_thresholds" name="test_negative_score_is_handled_safely" time="0.001" /><testcase classname="backend.app.tests.unit.test_scoring_thresholds" name="test_score_above_one_is_handled_safely" time="0.002" /><testcase classname="backend.app.tests.unit.test_scoring_thresholds" name="test_bulk_score_classification" time="0.001" /><testcase classname="backend.app.tests.unit.test_unit_auth" name="test_hash_and_verify_password" time="1.067" /><testcase classname="backend.app.tests.unit.test_unit_metrics" name="test_compute_metrics_values" time="0.012" /><testcase classname="backend.app.tests.unit.test_unit_preprocessing" name="test_preprocess_handles_missing_and_encoding" time="0.024" /></testsuite></testsuites>